// Jest Snapshot v1, https://goo.gl/fbAQLP

exports[`E2E htmllinter cli should show the help output 1`] = `
"
Usage :

$ htmllinter <input> [Options]

input           - it is the input(html) file name, it accepts glob pattern.
                example :
                  - \\"input.html\\"
                  - \\"input\\"
                  - \\"/*.html\\"
                  - \\".\\"

Options
  -c, --config    - path to htmllinter.config.js.
                    default is \\".\\"
                    example :
                    - '.'
                    - './dir/'

Example

    $ htmllinter input.html
    $ htmllinter input -c ../
    $ htmllinter **/*
"
`;
